// Jest Snapshot v1, https://goo.gl/fbAQLP

exports[`Testing UserRow Component Snapshot matching testcase 1`] = `
<tr>
  <td>
    Shubham Dadas
  </td>
  <td>
    shubham.dadas@15ce.com
  </td>
  <td>
    male
  </td>
  <td>
    active
  </td>
  <td
    className="action-cell"
  >
    <div
      className="action-container"
    >
      <button
        onClick={[Function]}
      >
        ⋮
      </button>
    </div>
  </td>
</tr>
`;
