// Jest Snapshot v1, https://goo.gl/fbAQLP

exports[`UserList component function call when component mounts 1`] = `
<div
  className="user-list-container"
>
  <div>
    <table>
      <thead>
        <tr>
          <th>
            Name
          </th>
          <th>
            Email
          </th>
          <th>
            Gender
          </th>
          <th>
            Status
          </th>
        </tr>
      </thead>
      <tbody>
        <UserRow
          key="7705369"
          user={
            Object {
              "email": "shubham.dadas@15ce.com",
              "gender": "male",
              "id": 7705369,
              "name": "Shubham Dadas",
              "status": "active",
            }
          }
        />
        <UserRow
          key="7704657"
          user={
            Object {
              "email": "nambeesan_bankim@waelchi.example",
              "gender": "male",
              "id": 7704657,
              "name": "Bankim Nambeesan",
              "status": "active",
            }
          }
        />
        <UserRow
          key="7704656"
          user={
            Object {
              "email": "chaturaanan_malik@wilkinson.example",
              "gender": "female",
              "id": 7704656,
              "name": "Chaturaanan Malik",
              "status": "inactive",
            }
          }
        />
      </tbody>
    </table>
    <Pagination
      currentPage={0}
      handlePageClick={[Function]}
      pageCount={1}
    />
  </div>
</div>
`;
