// Jest Snapshot v1, https://goo.gl/fbAQLP

exports[`Test AddUser Component Snapshot Test 1`] = `
<AddUser
  handleNotification={[MockFunction]}
  handleUserAdd={[MockFunction]}
  onClose={[MockFunction]}
>
  <div
    className="modal-overlay"
  >
    <div
      className="modal"
    >
      <div
        className="modal-header"
      >
        Add New User
        <button
          className="close-btn"
          onClick={[Function]}
        >
          ✖
        </button>
      </div>
      <form
        className="modal-body"
        onSubmit={[Function]}
      >
        <div
          className="form-group"
        >
          <label>
            Name:
          </label>
          <input
            name="name"
            onChange={[Function]}
            placeholder="Enter your name"
            required={true}
            type="text"
            value=""
          />
        </div>
        <div
          className="form-group"
        >
          <label>
            Email:
          </label>
          <input
            name="email"
            onChange={[Function]}
            placeholder="Enter your email address"
            required={true}
            type="email"
            value=""
          />
        </div>
        <div
          className="form-group"
        >
          <label>
            Gender:
          </label>
          <div
            className="radio-group"
          >
            <label
              className="radio-item"
            >
              <input
                checked={true}
                name="gender"
                onChange={[Function]}
                type="radio"
                value="male"
              />
              Male
            </label>
            <label
              className="radio-item"
            >
              <input
                checked={false}
                name="gender"
                onChange={[Function]}
                type="radio"
                value="female"
              />
              Female
            </label>
          </div>
        </div>
        <div
          className="form-group"
        >
          <label>
            Status:
          </label>
          <div
            className="radio-group"
          >
            <label
              className="radio-item"
            >
              <input
                checked={true}
                name="status"
                onChange={[Function]}
                type="radio"
                value="active"
              />
              Active
            </label>
            <label
              className="radio-item"
            >
              <input
                checked={false}
                name="status"
                onChange={[Function]}
                type="radio"
                value="inactive"
              />
              Inactive
            </label>
          </div>
        </div>
        <div
          className="button-group"
        >
          <button
            className="cancel-btn"
            onClick={[Function]}
            type="button"
          >
            Cancel
          </button>
          <button
            className="submit-btn"
            type="submit"
          >
            Submit
          </button>
        </div>
      </form>
    </div>
  </div>
</AddUser>
`;
