// Jest Snapshot v1, https://goo.gl/fbAQLP

exports[`Test EditUser Component Snapshot test for EditUser modal 1`] = `
<UserForm
  handleNotification={[MockFunction]}
  handleUserAddOrEdit={[MockFunction]}
  modalState={
    Object {
      "type": "edit",
      "user": Object {
        "email": "shubham.dadas@15ce.com",
        "gender": "male",
        "id": 7705369,
        "name": "Shubham Dadas",
        "status": "active",
      },
    }
  }
  onCloseModal={[MockFunction]}
>
  <div
    className="edit-user-form"
  >
    <div
      className="modal-overlay"
    >
      <div
        className="modal"
      >
        <div
          className="modal-header"
        >
          Edit User Form
          <button
            className="close-btn"
            onClick={[MockFunction]}
          >
            ✖
          </button>
        </div>
        <form
          className="modal-body"
          onSubmit={[Function]}
        >
          <div
            className="form-group"
          >
            <label>
              Name:
            </label>
            <input
              name="name"
              onChange={[Function]}
              placeholder="Enter your name"
              required={true}
              type="text"
              value="Shubham Dadas"
            />
          </div>
          <div
            className="form-group"
          >
            <label>
              Email:
            </label>
            <input
              name="email"
              onChange={[Function]}
              placeholder="Enter your email address"
              required={true}
              type="email"
              value="shubham.dadas@15ce.com"
            />
          </div>
          <div
            className="form-group"
          >
            <label>
              Gender:
            </label>
            <div
              className="radio-group"
            >
              <label
                className="radio-item"
              >
                <input
                  checked={true}
                  name="gender"
                  onChange={[Function]}
                  type="radio"
                  value="male"
                />
                Male
              </label>
              <label
                className="radio-item"
              >
                <input
                  checked={false}
                  name="gender"
                  onChange={[Function]}
                  type="radio"
                  value="female"
                />
                Female
              </label>
            </div>
          </div>
          <div
            className="form-group"
          >
            <label>
              Status:
            </label>
            <div
              className="radio-group"
            >
              <label
                className="radio-item"
              >
                <input
                  checked={true}
                  name="status"
                  onChange={[Function]}
                  type="radio"
                  value="active"
                />
                Active
              </label>
              <label
                className="radio-item"
              >
                <input
                  checked={false}
                  name="status"
                  onChange={[Function]}
                  type="radio"
                  value="inactive"
                />
                Inactive
              </label>
            </div>
          </div>
          <div
            className="button-group"
          >
            <button
              className="cancel-btn"
              onClick={[MockFunction]}
              type="button"
            >
              Cancel
            </button>
            <button
              className="submit-btn"
              type="submit"
            >
              Submit
            </button>
          </div>
        </form>
      </div>
    </div>
  </div>
</UserForm>
`;
