// Jest Snapshot v1, https://goo.gl/fbAQLP

exports[`App component test component 1`] = `
<App>
  <div
    className="App"
  >
    <UsersList>
      <div
        className="user-list-container"
      >
        <div
          className="loading"
        >
          <p>
            Loading users...
          </p>
        </div>
      </div>
    </UsersList>
  </div>
</App>
`;
