// Jest Snapshot v1, https://goo.gl/fbAQLP

exports[`App component test component 1`] = `
<App>
  <div
    className="App"
  >
    <UsersList>
      <div
        className="user-list-container"
      >
        <Header
          toggleAddUserModal={[Function]}
        >
          <div
            className="header"
          >
            <div
              className="search-container"
            >
              <span
                className="search-icon"
              />
              <input
                placeholder="Search"
                type="text"
              />
            </div>
            <button
              className="add-user-btn"
              onClick={[Function]}
            >
              Add User
            </button>
          </div>
        </Header>
        <div
          className="loading"
        >
          <p>
            Loading users...
          </p>
        </div>
      </div>
    </UsersList>
  </div>
</App>
`;
